[demo.w3layouts.com/demos_new/template_demo/27-05-2019/land-demo_Free/568639772/web/index8f26.html]
[backblue.gif]
[fade.gif]
[index.html]
[demo.w3layouts.com/demos_new/template_demo/27-05-2019/land-demo_Free/568639772/web/css/bootstrap.css]
[demo.w3layouts.com/demos_new/template_demo/27-05-2019/land-demo_Free/568639772/web/css/style.css]
[demo.w3layouts.com/demos_new/template_demo/27-05-2019/land-demo_Free/568639772/web/css/font-awesome.min.css]
[m.servedby-buysellads.com/monetization.js]
[demo.w3layouts.com/js/autotrack.js]
[demo.w3layouts.com/assests/css/font-awesome.min.css]
[demo.w3layouts.com/demos_new/template_demo/27-05-2019/land-demo_Free/568639772/web/index.html]
[demo.w3layouts.com/demos_new/template_demo/27-05-2019/land-demo_Free/568639772/web/login.html]
[demo.w3layouts.com/demos_new/template_demo/27-05-2019/land-demo_Free/568639772/web/register.html]
[demo.w3layouts.com/demos_new/template_demo/27-05-2019/land-demo_Free/568639772/web/images/about.jpg]
[demo.w3layouts.com/demos_new/template_demo/27-05-2019/land-demo_Free/568639772/web/images/img.png]
[demo.w3layouts.com/demos_new/template_demo/27-05-2019/land-demo_Free/568639772/web/images/img3.png]
[demo.w3layouts.com/demos_new/template_demo/27-05-2019/land-demo_Free/568639772/web/single.html]
[demo.w3layouts.com/demos_new/template_demo/27-05-2019/land-demo_Free/568639772/web/images/g1.jpg]
[demo.w3layouts.com/demos_new/template_demo/27-05-2019/land-demo_Free/568639772/web/images/g2.jpg]
[demo.w3layouts.com/demos_new/template_demo/27-05-2019/land-demo_Free/568639772/web/images/g3.jpg]
[demo.w3layouts.com/demos_new/template_demo/27-05-2019/land-demo_Free/568639772/web/images/g4.jpg]
[demo.w3layouts.com/demos_new/template_demo/27-05-2019/land-demo_Free/568639772/web/images/g5.jpg]
[demo.w3layouts.com/demos_new/template_demo/27-05-2019/land-demo_Free/568639772/web/images/g6.jpg]
[demo.w3layouts.com/demos_new/template_demo/27-05-2019/land-demo_Free/568639772/web/images/te1.jpg]
[demo.w3layouts.com/demos_new/template_demo/27-05-2019/land-demo_Free/568639772/web/images/img2.png]
[demo.w3layouts.com/demos_new/template_demo/27-05-2019/land-demo_Free/568639772/web/index8f26.html]
[demo.w3layouts.com/demos_new/template_demo/27-05-2019/land-demo_Free/568639772/web/css/bootstrap.css]
[a.vdo.ai/core/v-w3layouts/vdo.ai.js]
[demo.w3layouts.com/demos_new/template_demo/27-05-2019/land-demo_Free/568639772/web/images/banner.jpg]
[demo.w3layouts.com/demos_new/template_demo/27-05-2019/land-demo_Free/568639772/web/images/bg1.jpg]
[demo.w3layouts.com/demos_new/template_demo/27-05-2019/land-demo_Free/568639772/web/images/p1.jpg]
[demo.w3layouts.com/demos_new/template_demo/27-05-2019/land-demo_Free/568639772/web/images/p2.jpg]
[demo.w3layouts.com/demos_new/template_demo/27-05-2019/land-demo_Free/568639772/web/images/p3.jpg]
[demo.w3layouts.com/demos_new/template_demo/27-05-2019/land-demo_Free/568639772/web/images/p4.jpg]
[demo.w3layouts.com/demos_new/template_demo/27-05-2019/land-demo_Free/568639772/web/images/bg2.jpg]
[demo.w3layouts.com/demos_new/template_demo/27-05-2019/land-demo_Free/568639772/web/images/bg4.jpg]
[demo.w3layouts.com/demos_new/template_demo/27-05-2019/land-demo_Free/568639772/web/css/style.css]
[demo.w3layouts.com/demos_new/template_demo/27-05-2019/land-demo_Free/568639772/web/fonts/fontawesome-webfont3e6e.eot]
[demo.w3layouts.com/demos_new/template_demo/27-05-2019/land-demo_Free/568639772/web/fonts/fontawesome-webfont3e6e.woff2]
[demo.w3layouts.com/demos_new/template_demo/27-05-2019/land-demo_Free/568639772/web/fonts/fontawesome-webfont3e6e.woff]
[demo.w3layouts.com/demos_new/template_demo/27-05-2019/land-demo_Free/568639772/web/fonts/fontawesome-webfont3e6e.ttf]
[demo.w3layouts.com/demos_new/template_demo/27-05-2019/land-demo_Free/568639772/web/css/font-awesome.min.css]
[demo.w3layouts.com/assests/css/font-awesome.min.css]
[demo.w3layouts.com/demos_new/template_demo/27-05-2019/land-demo_Free/568639772/web/index.html]
[demo.w3layouts.com/demos_new/template_demo/27-05-2019/land-demo_Free/568639772/web/login.html]
[demo.w3layouts.com/demos_new/template_demo/27-05-2019/land-demo_Free/568639772/web/register.html]
[www.google-analytics.com/analytics.js]
[cdn.fancybar.net/ac/fancybar6a2f.js]
[demo.w3layouts.com/demos_new/template_demo/27-05-2019/land-demo_Free/568639772/web/single.html]
[demo.w3layouts.com/demos_new/template_demo/27-05-2019/land-demo_Free/568639772/web/fonts/fontawesome-webfont3e6e.svg]
[demo.w3layouts.com/demos_new/template_demo/27-05-2019/land-demo_Free/568639772/web/fonts/fontawesome-webfontd41d.eot]
[demo.w3layouts.com/demos_new/template_demo/27-05-2019/land-demo_Free/568639772/web/fonts/fontawesome-webfont3e6e.svg]
